[INFO] Scanning for projects...
[INFO] 
[INFO] --------------------------< demo:bench-demo >---------------------------
[INFO] Building bench-demo 1.0
[INFO]   from pom.xml
[INFO] --------------------------------[ jar ]---------------------------------
[INFO] 
[INFO] --- jacoco:0.8.12:prepare-agent (default-cli) @ bench-demo ---
[INFO] argLine set to -javaagent:/env/javaEnv/maven-3.9/repo/org/jacoco/org.jacoco.agent/0.8.12/org.jacoco.agent-0.8.12-runtime.jar=destfile=/tmp/junit11206610586568410204/bench-demo/target/jacoco.exec
[INFO] 
[INFO] --- resources:3.3.1:resources (default-resources) @ bench-demo ---
[INFO] skip non existing resourceDirectory /tmp/junit11206610586568410204/bench-demo/src/main/resources
[INFO] 
[INFO] --- compiler:3.13.0:compile (default-compile) @ bench-demo ---
[INFO] Nothing to compile - all classes are up to date.
[INFO] 
[INFO] --- resources:3.3.1:testResources (default-testResources) @ bench-demo ---
[INFO] skip non existing resourceDirectory /tmp/junit11206610586568410204/bench-demo/src/test/resources
[INFO] 
[INFO] --- compiler:3.13.0:testCompile (default-testCompile) @ bench-demo ---
[INFO] Nothing to compile - all classes are up to date.
[INFO] 
[INFO] --- surefire:3.2.5:test (default-test) @ bench-demo ---
[INFO] Using auto detected provider org.apache.maven.surefire.junitplatform.JUnitPlatformProvider
[INFO] 
[INFO] -------------------------------------------------------
[INFO]  T E S T S
[INFO] -------------------------------------------------------
[INFO] Running demo.CalcTest
[INFO] Tests run: 2, Failures: 0, Errors: 0, Skipped: 0, Time elapsed: 0.146 s -- in demo.CalcTest
[INFO] 
[INFO] Results:
[INFO] 
[INFO] Tests run: 2, Failures: 0, Errors: 0, Skipped: 0
[INFO] 
[INFO] 
[INFO] --- jacoco:0.8.12:report (default-cli) @ bench-demo ---
[INFO] Loading execution data file /tmp/junit11206610586568410204/bench-demo/target/jacoco.exec
[INFO] Analyzed bundle 'bench-demo' with 1 classes
[INFO] ------------------------------------------------------------------------
[INFO] BUILD SUCCESS
[INFO] ------------------------------------------------------------------------
[INFO] Total time:  2.337 s
[INFO] Finished at: 2026-09-25T12:25:00+08:00
[INFO] ------------------------------------------------------------------------
