[INFO] Scanning for projects...
[INFO] 
[INFO] -------------------------< demo:coverage-demo >-------------------------
[INFO] Building coverage-demo 1.0
[INFO]   from pom.xml
[INFO] --------------------------------[ jar ]---------------------------------
[INFO] 
[INFO] --- jacoco:0.8.12:prepare-agent (default-cli) @ coverage-demo ---
[INFO] argLine set to -javaagent:/env/javaEnv/maven-3.9/repo/org/jacoco/org.jacoco.agent/0.8.12/org.jacoco.agent-0.8.12-runtime.jar=destfile=/tmp/opencode/coverage-demo/target/jacoco.exec
[INFO] 
[INFO] --- resources:3.3.1:resources (default-resources) @ coverage-demo ---
[INFO] skip non existing resourceDirectory /tmp/opencode/coverage-demo/src/main/resources
[INFO] 
[INFO] --- compiler:3.13.0:compile (default-compile) @ coverage-demo ---
[INFO] Nothing to compile - all classes are up to date.
[INFO] 
[INFO] --- resources:3.3.1:testResources (default-testResources) @ coverage-demo ---
[INFO] skip non existing resourceDirectory /tmp/opencode/coverage-demo/src/test/resources
[INFO] 
[INFO] --- compiler:3.13.0:testCompile (default-testCompile) @ coverage-demo ---
[INFO] Nothing to compile - all classes are up to date.
[INFO] 
[INFO] --- surefire:3.2.5:test (default-test) @ coverage-demo ---
[INFO] Using auto detected provider org.apache.maven.surefire.junitplatform.JUnitPlatformProvider
[INFO] 
[INFO] -------------------------------------------------------
[INFO]  T E S T S
[INFO] -------------------------------------------------------
[INFO] Running demo.CalcTest
[INFO] Tests run: 1, Failures: 0, Errors: 0, Skipped: 0, Time elapsed: 0.083 s -- in demo.CalcTest
[INFO] 
[INFO] Results:
[INFO] 
[INFO] Tests run: 1, Failures: 0, Errors: 0, Skipped: 0
[INFO] 
[INFO] 
[INFO] --- jacoco:0.8.12:report (default-cli) @ coverage-demo ---
[INFO] Loading execution data file /tmp/opencode/coverage-demo/target/jacoco.exec
[INFO] Analyzed bundle 'coverage-demo' with 1 classes
[INFO] ------------------------------------------------------------------------
[INFO] BUILD SUCCESS
[INFO] ------------------------------------------------------------------------
[INFO] Total time:  3.627 s
[INFO] Finished at: 2026-09-24T21:31:33+08:00
[INFO] ------------------------------------------------------------------------
